<html>
<body>
<pre>
<h1>µVision Build Log</h1>
<h2>Tool Versions:</h2>
IDE-Version: ¦ÌVision V5.29.0.0
Copyright (C) 2019 ARM Ltd and ARM Germany GmbH. All rights reserved.
License Information: 123 13425, 123, LIC=JL28G-VNYT4-UHN8H-W95L3-TK5DJ-VSB67
 
Tool Versions:
Toolchain:       MDK-ARM Plus  Version: 5.29.0.0
Toolchain Path:  D:\MDK529\ARM\ARMCC\Bin
C Compiler:      Armcc.exe V5.06 update 6 (build 750)
Assembler:       Armasm.exe V5.06 update 6 (build 750)
Linker/Locator:  ArmLink.exe V5.06 update 6 (build 750)
Library Manager: ArmAr.exe V5.06 update 6 (build 750)
Hex Converter:   FromElf.exe V5.06 update 6 (build 750)
CPU DLL:         SARMCM3.DLL V5.29.0.0
Dialog DLL:      DCM.DLL V1.17.3.0
Target DLL:      STLink\ST-LINKIII-KEIL_SWO.dll V3.0.7.0
Dialog DLL:      TCM.DLL V1.36.5.0
 
<h2>Project:</h2>
E:\stm32\STM32F401\Code\STM32F401_HAL_PRO\34424\STM32F401_HAL_PRO\MDK-ARM\STM32F401_HAL_PRO.uvprojx
Project File Date:  05/30/2022

<h2>Output:</h2>
*** Using Compiler 'V5.06 update 6 (build 750)', folder: 'D:\MDK529\ARM\ARMCC\Bin'
Build target 'STM32F401_HAL_PRO'
compiling RingBuffer.c...
..\app\RingBuffer\RingBuffer.h(33): warning:  #1-D: last line of file ends without a newline
  	
..\app\RingBuffer\RingBuffer.h(33): warning:  #1-D: last line of file ends without a newline
  	
..\app\RingBuffer\RingBuffer.c: 2 warnings, 0 errors
compiling HW_Api.c...
..\app\RingBuffer\RingBuffer.h(33): warning:  #1-D: last line of file ends without a newline
  	
..\app\HW_Api\HW_Api.c: 1 warning, 0 errors
compiling IsrManager.c...
..\app\RingBuffer\RingBuffer.h(33): warning:  #1-D: last line of file ends without a newline
  	
..\app\IsrManager\IsrManager.c: 1 warning, 0 errors
compiling main.c...
..\app\RingBuffer\RingBuffer.h(33): warning:  #1-D: last line of file ends without a newline
  	
../Core/Src/main.c: 1 warning, 0 errors
compiling MultiTimer.c...
..\app\RingBuffer\RingBuffer.h(33): warning:  #1-D: last line of file ends without a newline
  	
..\app\MultiTimer\MultiTimer.c: 1 warning, 0 errors
linking...
Program Size: Code=7564 RO-data=492 RW-data=72 ZI-data=3900  
FromELF: creating hex file...
"STM32F401_HAL_PRO\STM32F401_HAL_PRO.axf" - 0 Error(s), 6 Warning(s).

<h2>Software Packages used:</h2>

Package Vendor: ARM
                http://www.keil.com/pack/ARM.CMSIS.5.6.0.pack
                ARM.CMSIS.5.6.0
                CMSIS (Cortex Microcontroller Software Interface Standard)
   * Component: CORE Version: 5.3.0

Package Vendor: Keil
                http://www.keil.com/pack/Keil.STM32F4xx_DFP.2.7.0.pack
                Keil.STM32F4xx_DFP.2.7.0
                STMicroelectronics STM32F4 Series Device Support, Drivers and Examples

<h2>Collection of Component include folders:</h2>
  .\RTE\_STM32F401_HAL_PRO
  E:\stm32\STM32 PACK\ARM\CMSIS\5.6.0\CMSIS\Core\Include
  E:\stm32\STM32 PACK\Keil\STM32F4xx_DFP\2.7.0\Drivers\CMSIS\Device\ST\STM32F4xx\Include

<h2>Collection of Component Files used:</h2>

   * Component: ARM::CMSIS:CORE:5.3.0
Build Time Elapsed:  00:00:01
</pre>
</body>
</html>
